// Jest Snapshot v1, https://goo.gl/fbAQLP

exports[`HelloWorld.test.js has the expected html structure 1`] = `
<div message="World1">
    <p class="demo-box">
        cloudv-map
    </p>
</div>
`;

exports[`cloudvMap.test.js has the expected html structure 1`] = `
<div message="World1">
    <p class="demo-box">
        cloudv-map
    </p>
</div>
`;
